2026-02-19 17:37:52,383 - INFO - Logger initialized
2026-02-19 17:37:54,645 - INFO - Connected to Jumia.......
2026-02-19 17:37:55,540 - INFO - Connected to Jumia.......
2026-02-19 17:37:56,753 - INFO - Connected to Jumia.......
2026-02-19 17:37:57,490 - INFO - Connected to Jumia.......
2026-02-19 17:37:58,564 - INFO - Connected to Jumia.......
2026-02-19 17:37:59,491 - INFO - Connected to Jumia.......
2026-02-19 17:38:00,474 - INFO - Connected to Jumia.......
2026-02-19 17:38:01,462 - INFO - Connected to Jumia.......
2026-02-19 17:38:02,190 - INFO - Connected to Jumia.......
2026-02-19 17:38:03,317 - INFO - Connected to Jumia.......
2026-02-19 17:38:03,917 - INFO - Connected to Jumia.......
2026-02-19 17:39:43,828 - INFO - Logger initialized
2026-02-19 17:39:45,502 - INFO - Connected to Jumia.......
2026-02-19 17:39:46,032 - INFO - Connected to Jumia.......
2026-02-19 17:39:46,591 - INFO - Connected to Jumia.......
2026-02-19 17:39:47,251 - INFO - Connected to Jumia.......
2026-02-19 17:39:47,833 - INFO - Connected to Jumia.......
2026-02-19 17:39:48,287 - INFO - Connected to Jumia.......
2026-02-19 17:39:48,931 - INFO - Connected to Jumia.......
2026-02-19 17:39:50,025 - INFO - Connected to Jumia.......
2026-02-19 17:39:51,014 - INFO - Connected to Jumia.......
2026-02-19 17:39:51,690 - INFO - Connected to Jumia.......
2026-02-19 17:39:52,264 - INFO - Connected to Jumia.......
2026-02-19 17:39:52,331 - INFO - Scrapping finished.
2026-02-19 17:42:22,106 - INFO - Logger initialized
2026-02-19 17:42:24,052 - INFO - Connected to Jumia..Scrapping 1 page data
2026-02-19 17:42:24,615 - INFO - Connected to Jumia..Scrapping 2 page data
2026-02-19 17:42:25,213 - INFO - Connected to Jumia..Scrapping 3 page data
2026-02-19 17:42:25,859 - INFO - Connected to Jumia..Scrapping 4 page data
2026-02-19 17:42:26,827 - INFO - Connected to Jumia..Scrapping 5 page data
2026-02-19 17:42:27,363 - INFO - Connected to Jumia..Scrapping 6 page data
2026-02-19 17:42:28,221 - INFO - Connected to Jumia..Scrapping 7 page data
2026-02-19 17:42:28,731 - INFO - Connected to Jumia..Scrapping 8 page data
2026-02-19 17:42:29,413 - INFO - Connected to Jumia..Scrapping 9 page data
2026-02-19 17:42:30,633 - INFO - Connected to Jumia..Scrapping 10 page data
2026-02-19 17:42:31,080 - INFO - Connected to Jumia..Scrapping 11 page data
2026-02-19 17:42:31,138 - INFO - Scrapping finished.
2026-02-19 17:46:46,604 - INFO - Logger initialized
2026-02-19 17:46:46,613 - ERROR - An error occured trying to connect to jumia: HTTPSConnectionPool(host='www.jumia.com.ng', port=443): Max retries exceeded with url: /catalog/?q=duvet+bedsheets+and+pillowcases&page=1 (Caused by NameResolutionError("HTTPSConnection(host='www.jumia.com.ng', port=443): Failed to resolve 'www.jumia.com.ng' ([Errno 11001] getaddrinfo failed)"))
2026-02-19 17:46:46,615 - ERROR - An error occured trying to connect to jumia: HTTPSConnectionPool(host='www.jumia.com.ng', port=443): Max retries exceeded with url: /catalog/?q=duvet+bedsheets+and+pillowcases&page=2 (Caused by NameResolutionError("HTTPSConnection(host='www.jumia.com.ng', port=443): Failed to resolve 'www.jumia.com.ng' ([Errno 11001] getaddrinfo failed)"))
2026-02-19 17:46:46,617 - ERROR - An error occured trying to connect to jumia: HTTPSConnectionPool(host='www.jumia.com.ng', port=443): Max retries exceeded with url: /catalog/?q=duvet+bedsheets+and+pillowcases&page=3 (Caused by NameResolutionError("HTTPSConnection(host='www.jumia.com.ng', port=443): Failed to resolve 'www.jumia.com.ng' ([Errno 11001] getaddrinfo failed)"))
2026-02-19 17:46:46,618 - ERROR - An error occured trying to connect to jumia: HTTPSConnectionPool(host='www.jumia.com.ng', port=443): Max retries exceeded with url: /catalog/?q=duvet+bedsheets+and+pillowcases&page=4 (Caused by NameResolutionError("HTTPSConnection(host='www.jumia.com.ng', port=443): Failed to resolve 'www.jumia.com.ng' ([Errno 11001] getaddrinfo failed)"))
2026-02-19 17:46:46,620 - ERROR - An error occured trying to connect to jumia: HTTPSConnectionPool(host='www.jumia.com.ng', port=443): Max retries exceeded with url: /catalog/?q=duvet+bedsheets+and+pillowcases&page=5 (Caused by NameResolutionError("HTTPSConnection(host='www.jumia.com.ng', port=443): Failed to resolve 'www.jumia.com.ng' ([Errno 11001] getaddrinfo failed)"))
2026-02-19 17:46:46,622 - ERROR - An error occured trying to connect to jumia: HTTPSConnectionPool(host='www.jumia.com.ng', port=443): Max retries exceeded with url: /catalog/?q=duvet+bedsheets+and+pillowcases&page=6 (Caused by NameResolutionError("HTTPSConnection(host='www.jumia.com.ng', port=443): Failed to resolve 'www.jumia.com.ng' ([Errno 11001] getaddrinfo failed)"))
2026-02-19 17:46:46,624 - ERROR - An error occured trying to connect to jumia: HTTPSConnectionPool(host='www.jumia.com.ng', port=443): Max retries exceeded with url: /catalog/?q=duvet+bedsheets+and+pillowcases&page=7 (Caused by NameResolutionError("HTTPSConnection(host='www.jumia.com.ng', port=443): Failed to resolve 'www.jumia.com.ng' ([Errno 11001] getaddrinfo failed)"))
2026-02-19 17:46:46,625 - ERROR - An error occured trying to connect to jumia: HTTPSConnectionPool(host='www.jumia.com.ng', port=443): Max retries exceeded with url: /catalog/?q=duvet+bedsheets+and+pillowcases&page=8 (Caused by NameResolutionError("HTTPSConnection(host='www.jumia.com.ng', port=443): Failed to resolve 'www.jumia.com.ng' ([Errno 11001] getaddrinfo failed)"))
2026-02-19 17:46:46,627 - ERROR - An error occured trying to connect to jumia: HTTPSConnectionPool(host='www.jumia.com.ng', port=443): Max retries exceeded with url: /catalog/?q=duvet+bedsheets+and+pillowcases&page=9 (Caused by NameResolutionError("HTTPSConnection(host='www.jumia.com.ng', port=443): Failed to resolve 'www.jumia.com.ng' ([Errno 11001] getaddrinfo failed)"))
2026-02-19 17:46:46,629 - ERROR - An error occured trying to connect to jumia: HTTPSConnectionPool(host='www.jumia.com.ng', port=443): Max retries exceeded with url: /catalog/?q=duvet+bedsheets+and+pillowcases&page=10 (Caused by NameResolutionError("HTTPSConnection(host='www.jumia.com.ng', port=443): Failed to resolve 'www.jumia.com.ng' ([Errno 11001] getaddrinfo failed)"))
2026-02-19 17:46:46,630 - ERROR - An error occured trying to connect to jumia: HTTPSConnectionPool(host='www.jumia.com.ng', port=443): Max retries exceeded with url: /catalog/?q=duvet+bedsheets+and+pillowcases&page=11 (Caused by NameResolutionError("HTTPSConnection(host='www.jumia.com.ng', port=443): Failed to resolve 'www.jumia.com.ng' ([Errno 11001] getaddrinfo failed)"))
2026-02-19 17:46:46,631 - INFO - Scrapping finished.
2026-02-19 17:48:21,577 - INFO - Logger initialized
2026-02-19 17:48:21,590 - ERROR - An error occured trying to get data from page 1 to jumia: HTTPSConnectionPool(host='www.jumia.com.ng', port=443): Max retries exceeded with url: /catalog/?q=duvet+bedsheets+and+pillowcases&page=1 (Caused by NameResolutionError("HTTPSConnection(host='www.jumia.com.ng', port=443): Failed to resolve 'www.jumia.com.ng' ([Errno 11001] getaddrinfo failed)"))
2026-02-19 17:48:21,592 - ERROR - An error occured trying to get data from page 2 to jumia: HTTPSConnectionPool(host='www.jumia.com.ng', port=443): Max retries exceeded with url: /catalog/?q=duvet+bedsheets+and+pillowcases&page=2 (Caused by NameResolutionError("HTTPSConnection(host='www.jumia.com.ng', port=443): Failed to resolve 'www.jumia.com.ng' ([Errno 11001] getaddrinfo failed)"))
2026-02-19 17:48:21,594 - ERROR - An error occured trying to get data from page 3 to jumia: HTTPSConnectionPool(host='www.jumia.com.ng', port=443): Max retries exceeded with url: /catalog/?q=duvet+bedsheets+and+pillowcases&page=3 (Caused by NameResolutionError("HTTPSConnection(host='www.jumia.com.ng', port=443): Failed to resolve 'www.jumia.com.ng' ([Errno 11001] getaddrinfo failed)"))
2026-02-19 17:48:21,597 - ERROR - An error occured trying to get data from page 4 to jumia: HTTPSConnectionPool(host='www.jumia.com.ng', port=443): Max retries exceeded with url: /catalog/?q=duvet+bedsheets+and+pillowcases&page=4 (Caused by NameResolutionError("HTTPSConnection(host='www.jumia.com.ng', port=443): Failed to resolve 'www.jumia.com.ng' ([Errno 11001] getaddrinfo failed)"))
2026-02-19 17:48:21,601 - ERROR - An error occured trying to get data from page 5 to jumia: HTTPSConnectionPool(host='www.jumia.com.ng', port=443): Max retries exceeded with url: /catalog/?q=duvet+bedsheets+and+pillowcases&page=5 (Caused by NameResolutionError("HTTPSConnection(host='www.jumia.com.ng', port=443): Failed to resolve 'www.jumia.com.ng' ([Errno 11001] getaddrinfo failed)"))
2026-02-19 17:48:21,605 - ERROR - An error occured trying to get data from page 6 to jumia: HTTPSConnectionPool(host='www.jumia.com.ng', port=443): Max retries exceeded with url: /catalog/?q=duvet+bedsheets+and+pillowcases&page=6 (Caused by NameResolutionError("HTTPSConnection(host='www.jumia.com.ng', port=443): Failed to resolve 'www.jumia.com.ng' ([Errno 11001] getaddrinfo failed)"))
2026-02-19 17:48:21,608 - ERROR - An error occured trying to get data from page 7 to jumia: HTTPSConnectionPool(host='www.jumia.com.ng', port=443): Max retries exceeded with url: /catalog/?q=duvet+bedsheets+and+pillowcases&page=7 (Caused by NameResolutionError("HTTPSConnection(host='www.jumia.com.ng', port=443): Failed to resolve 'www.jumia.com.ng' ([Errno 11001] getaddrinfo failed)"))
2026-02-19 17:48:21,609 - ERROR - An error occured trying to get data from page 8 to jumia: HTTPSConnectionPool(host='www.jumia.com.ng', port=443): Max retries exceeded with url: /catalog/?q=duvet+bedsheets+and+pillowcases&page=8 (Caused by NameResolutionError("HTTPSConnection(host='www.jumia.com.ng', port=443): Failed to resolve 'www.jumia.com.ng' ([Errno 11001] getaddrinfo failed)"))
2026-02-19 17:48:21,611 - ERROR - An error occured trying to get data from page 9 to jumia: HTTPSConnectionPool(host='www.jumia.com.ng', port=443): Max retries exceeded with url: /catalog/?q=duvet+bedsheets+and+pillowcases&page=9 (Caused by NameResolutionError("HTTPSConnection(host='www.jumia.com.ng', port=443): Failed to resolve 'www.jumia.com.ng' ([Errno 11001] getaddrinfo failed)"))
2026-02-19 17:48:21,613 - ERROR - An error occured trying to get data from page 10 to jumia: HTTPSConnectionPool(host='www.jumia.com.ng', port=443): Max retries exceeded with url: /catalog/?q=duvet+bedsheets+and+pillowcases&page=10 (Caused by NameResolutionError("HTTPSConnection(host='www.jumia.com.ng', port=443): Failed to resolve 'www.jumia.com.ng' ([Errno 11001] getaddrinfo failed)"))
2026-02-19 17:48:21,616 - ERROR - An error occured trying to get data from page 11 to jumia: HTTPSConnectionPool(host='www.jumia.com.ng', port=443): Max retries exceeded with url: /catalog/?q=duvet+bedsheets+and+pillowcases&page=11 (Caused by NameResolutionError("HTTPSConnection(host='www.jumia.com.ng', port=443): Failed to resolve 'www.jumia.com.ng' ([Errno 11001] getaddrinfo failed)"))
2026-02-19 17:48:21,616 - INFO - Scrapping finished.
2026-02-19 17:55:54,652 - INFO - Logger initialized
2026-02-19 17:55:56,430 - INFO - Connected to Jumia..Scrapping 1 page data
2026-02-19 17:55:56,979 - INFO - Connected to Jumia..Scrapping 2 page data
2026-02-19 17:55:58,205 - INFO - Connected to Jumia..Scrapping 3 page data
2026-02-19 17:55:58,931 - INFO - Connected to Jumia..Scrapping 4 page data
2026-02-19 17:55:59,536 - INFO - Connected to Jumia..Scrapping 5 page data
2026-02-19 17:56:00,104 - INFO - Connected to Jumia..Scrapping 6 page data
2026-02-19 17:56:00,586 - INFO - Connected to Jumia..Scrapping 7 page data
2026-02-19 17:56:01,185 - INFO - Connected to Jumia..Scrapping 8 page data
2026-02-19 17:56:01,694 - INFO - Connected to Jumia..Scrapping 9 page data
2026-02-19 17:56:02,406 - INFO - Connected to Jumia..Scrapping 10 page data
2026-02-19 17:56:02,955 - INFO - Connected to Jumia..Scrapping 11 page data
2026-02-19 17:56:03,013 - INFO - Scrapping finished.
